../Core/Src/bootloader.c:60:6:BL_Print_Message	112	static
../Core/Src/bootloader.c:80:11:BL_UART_Fetch_Host_Command	16	static
../Core/Src/bootloader.c:181:21:Bootloader_Send_Data_To_Host	16	static
../Core/Src/bootloader.c:191:21:Bootloader_Send_ACK	24	static
../Core/Src/bootloader.c:204:20:Bootloader_Send_NACK	16	static
../Core/Src/bootloader.c:216:16:Bootloader_CRC_Verify	40	static
../Core/Src/bootloader.c:237:16:Calculate_CRC32	48	static
../Core/Src/bootloader.c:267:13:Bootloader_Get_Version	32	static
../Core/Src/bootloader.c:303:13:Bootloader_Get_Help	24	static
../Core/Src/bootloader.c:335:13:Bootloader_Get_Chip_Identification_Number	32	static
../Core/Src/bootloader.c:370:13:Bootloader_Jump_To_UserApp	40	static,ignoring_inline_asm
../Core/Src/bootloader.c:413:6:Bootloader_Jump_To_Application	24	static,ignoring_inline_asm
../Core/Src/bootloader.c:444:16:Host_Address_Verification	24	static
../Core/Src/bootloader.c:464:13:Bootloader_Jump_To_Address	40	static
../Core/Src/bootloader.c:585:9:Perform_Flash_Erase	48	static
../Core/Src/bootloader.c:624:13:Bootloader_Erase_Flash	32	static
../Core/Src/bootloader.c:665:9:Flash_Memory_Write_Payload	48	static
../Core/Src/bootloader.c:709:13:Bootloader_Memory_Write	32	static
../Core/Src/bootloader.c:775:23:CBL_STM32F_Get_RDP_Level	40	static
../Core/Src/bootloader.c:783:13:Bootloader_Read_Protection_Level	32	static
../Core/Src/bootloader.c:814:16:Change_ROP_Level	16	static
../Core/Src/bootloader.c:815:16:Bootloader_Change_Read_Protection_Level	16	static
../Core/Src/bootloader.c:816:16:Bootloader_Enable_RW_Protection	16	static
../Core/Src/bootloader.c:817:16:Bootloader_Memory_Read	16	static
../Core/Src/bootloader.c:818:16:Bootloader_Get_Sector_Protection_Status	16	static
../Core/Src/bootloader.c:819:16:Bootloader_Read_OTP	16	static
