../Core/Src/freertos.c:78:13:vApplicationIdleHook	8	static
../Core/Src/freertos.c:99:13:PreSleepProcessing	16	static
../Core/Src/freertos.c:104:13:PostSleepProcessing	16	static
../Core/Src/freertos.c:114:6:vApplicationGetIdleTaskMemory	24	static
../Core/Src/freertos.c:128:6:MX_FREERTOS_Init	56	static
../Core/Src/freertos.c:179:6:StartDefaultTask	16	static
../Core/Src/freertos.c:200:6:Task2_init	16	static
../Core/Src/freertos.c:218:6:Task3_init	16	static
../Core/Src/freertos.c:233:6:HAL_UART_RxCpltCallback	24	static
