../Core/Src/bootloader.c:32:6:BL_Print_Message	112	static
../Core/Src/bootloader.c:49:11:BL_UART_Fetch_Host_Command	16	static
../Core/Src/bootloader.c:143:21:Bootloader_Send_Data_To_Host	16	static
../Core/Src/bootloader.c:154:21:Bootloader_Send_ACK	24	static
../Core/Src/bootloader.c:168:21:Bootloader_Send_NACK	16	static
../Core/Src/bootloader.c:181:17:Bootloader_CRC_Verify	40	static
../Core/Src/bootloader.c:208:16:Calculate_CRC32	48	static
../Core/Src/bootloader.c:248:13:Bootloader_Get_Version	32	static
../Core/Src/bootloader.c:278:13:Bootloader_Get_Help	24	static
../Core/Src/bootloader.c:304:13:Bootloader_Get_Chip_Identification_Number	32	static
../Core/Src/bootloader.c:333:13:Bootloader_Jump_To_UserApp	40	static,ignoring_inline_asm
../Core/Src/bootloader.c:371:6:Bootloader_Jump_To_Application	24	static,ignoring_inline_asm
../Core/Src/bootloader.c:404:16:Host_Address_Verification	24	static
../Core/Src/bootloader.c:419:6:toggleBankAndReset	32	static
../Core/Src/bootloader.c:458:13:Bootloader_Jump_To_Address	40	static
../Core/Src/bootloader.c:496:11:Perform_Flash_Erase	48	static
../Core/Src/bootloader.c:543:13:Bootloader_Erase_Flash	32	static
../Core/Src/bootloader.c:576:9:Flash_Memory_Write_Payload	48	static
../Core/Src/bootloader.c:620:13:Bootloader_Memory_Write	32	static
../Core/Src/bootloader.c:680:10:get_Active_Bank_no	16	static
../Core/Src/bootloader.c:694:6:check_ValidityMarker	24	static
